******************************************************************************
             TMS320C2000 Linker PC v6.0.2                      
******************************************************************************
>> Linked Thu Nov 10 10:56:52 2011

OUTPUT FILE NAME:   <IBI.out>
ENTRY POINT SYMBOL: "_c_int00"  address: 003f79b0


MEMORY CONFIGURATION

         name            origin    length      used     unused   attr    fill
----------------------  --------  ---------  --------  --------  ----  --------
PAGE 0:
  PRAML0                00008000   00000800  0000049a  00000366  RWIX
  OTP                   003d7800   00000400  00000000  00000400  RWIX
  FLASHB                003f6000   00001000  00000000  00001000  RWIX
  FLASHA                003f7000   00000f80  00000c43  0000033d  RWIX
  CSM_RSVD              003f7f80   00000076  00000000  00000076  RWIX
  BEGIN                 003f7ff6   00000002  00000002  00000000  RWIX
  CSM_PWL_P0            003f7ff8   00000008  00000000  00000008  RWIX
  IQTABLES              003fe000   00000b50  00000000  00000b50  RWIX
  IQTABLES2             003feb50   0000008c  00000000  0000008c  RWIX
  IQTABLES3             003febdc   000000aa  00000000  000000aa  RWIX
  ROM                   003ff27c   00000d44  00000000  00000d44  RWIX
  RESET                 003fffc0   00000002  00000000  00000002  RWIX
  VECTORS               003fffc2   0000003e  00000000  0000003e  RWIX

PAGE 1:
  BOOT_RSVD             00000000   00000050  00000000  00000050  RWIX
  RAMM0                 00000050   000003b0  00000300  000000b0  RWIX
  RAMM1                 00000400   00000400  00000000  00000400  RWIX
  DEV_EMU               00000880   00000105  00000004  00000101  RWIX
  SYS_PWR_CTL           00000985   00000003  00000003  00000000  RWIX
  FLASH_REGS            00000a80   00000060  00000008  00000058  RWIX
  CSM                   00000ae0   00000010  00000010  00000000  RWIX
  ADC_RESULT            00000b00   00000020  00000020  00000000  RWIX
  CPU_TIMER0            00000c00   00000008  00000008  00000000  RWIX
  CPU_TIMER1            00000c08   00000008  00000008  00000000  RWIX
  CPU_TIMER2            00000c10   00000008  00000008  00000000  RWIX
  PIE_CTRL              00000ce0   00000020  0000001a  00000006  RWIX
  PIE_VECT              00000d00   00000100  00000100  00000000  RWIX
  COMP1                 00006400   00000020  00000011  0000000f  RWIX
  COMP2                 00006420   00000020  00000011  0000000f  RWIX
  EPWM1                 00006800   00000040  0000003a  00000006  RWIX
  EPWM2                 00006840   00000040  0000003a  00000006  RWIX
  EPWM3                 00006880   00000040  0000003a  00000006  RWIX
  EPWM4                 000068c0   00000040  0000003a  00000006  RWIX
  ECAP1                 00006a00   00000020  00000020  00000000  RWIX
  GPIOCTRL              00006f80   00000040  00000040  00000000  RWIX
  GPIODAT               00006fc0   00000020  00000020  00000000  RWIX
  GPIOINT               00006fe0   00000020  0000000a  00000016  RWIX
  SYSTEM                00007010   00000020  0000001f  00000001  RWIX
  SPIA                  00007040   00000010  00000010  00000000  RWIX
  SCIA                  00007050   00000010  00000010  00000000  RWIX
  NMIINTRUPT            00007060   00000010  00000010  00000000  RWIX
  XINTRUPT              00007070   00000010  00000010  00000000  RWIX
  ADC                   00007100   00000080  00000050  00000030  RWIX
  I2CA                  00007900   00000040  00000022  0000001e  RWIX
  DRAML0                00008800   00000800  00000080  00000780  RWIX
  PARTID                003d7fff   00000001  00000001  00000000  RWIX
  FLASHD                003f4000   00001000  00000000  00001000  RWIX
  FLASHC                003f5000   00002000  00000000  00002000  RWIX
  CSM_PWL               003f7ff8   00000008  00000008  00000000  RWIX


SECTION ALLOCATION MAP

 output                                  attributes/
section   page    origin      length       input sections
--------  ----  ----------  ----------   ----------------
.pinit     0    003f7000    00000000     UNINITIALIZED

ramfuncs   0    003f7000    0000049a     RUN ADDR = 00008000
                  003f7000    00000351     easy2802x_sci_v7.3.obj (ramfuncs:retain)
                  003f7351    0000012a     IBI_main.obj (ramfuncs:retain)
                  003f747b    0000001b     DSP2802x_SysCtrl.obj (ramfuncs)
                  003f7496    00000004     DSP2802x_usDelay.obj (ramfuncs)

.text      0    003f749a    00000635     
                  003f749a    0000012a     Piccolo_PWM.obj (.text)
                  003f75c4    00000126     DSP2802x_SysCtrl.obj (.text)
                  003f76ea    000000ff     DSP2802x_DefaultIsr.obj (.text:retain)
                  003f77e9    000000f8     IBI_main.obj (.text)
                  003f78e1    00000084     RingBuff.obj (.text)
                  003f7965    0000004b     easy2802x_sci_v7.3.obj (.text)
                  003f79b0    00000044     rts2800_ml.lib : boot.obj (.text)
                  003f79f4    00000028     DSP2802x_PieCtrl.obj (.text)
                  003f7a1c    00000025     DSP2802x_PieVect.obj (.text)
                  003f7a41    0000001e     rts2800_ml.lib : ll_cmp.obj (.text)
                  003f7a5f    00000019                    : args_main.obj (.text)
                  003f7a78    00000019                    : exit.obj (.text)
                  003f7a91    00000018                    : ll_aox.obj (.text)
                  003f7aa9    00000015     DSP2802x_MemCopy.obj (.text)
                  003f7abe    00000009     rts2800_ml.lib : _lock.obj (.text)
                  003f7ac7    00000008     DSP2802x_CodeStartBranch.obj (.text)

.econst    0    003f7ad0    00000100     
                  003f7ad0    00000100     DSP2802x_PieVect.obj (.econst)

.cinit     0    003f7bd0    00000074     
                  003f7bd0    00000052     easy2802x_sci_v7.3.obj (.cinit)
                  003f7c22    0000000c     RingBuff.obj (.cinit)
                  003f7c2e    0000000a     rts2800_ml.lib : _lock.obj (.cinit)
                  003f7c38    0000000a                    : exit.obj (.cinit)
                  003f7c42    00000002     --HOLE-- [fill = 0]

codestart 
*          0    003f7ff6    00000002     
                  003f7ff6    00000002     DSP2802x_CodeStartBranch.obj (codestart)

.reset     0    003fffc0    00000002     DSECT
                  003fffc0    00000002     rts2800_ml.lib : boot.obj (.reset)

vectors    0    003fffc2    00000000     DSECT

.stack     1    00000050    00000300     UNINITIALIZED
                  00000050    00000300     --HOLE--

DevEmuRegsFile 
*          1    00000880    00000004     UNINITIALIZED
                  00000880    00000004     DSP2802x_GlobalVariableDefs.obj (DevEmuRegsFile)

SysPwrCtrlRegsFile 
*          1    00000985    00000003     UNINITIALIZED
                  00000985    00000003     DSP2802x_GlobalVariableDefs.obj (SysPwrCtrlRegsFile)

FlashRegsFile 
*          1    00000a80    00000008     UNINITIALIZED
                  00000a80    00000008     DSP2802x_GlobalVariableDefs.obj (FlashRegsFile)

CsmRegsFile 
*          1    00000ae0    00000010     UNINITIALIZED
                  00000ae0    00000010     DSP2802x_GlobalVariableDefs.obj (CsmRegsFile)

AdcResultFile 
*          1    00000b00    00000020     UNINITIALIZED
                  00000b00    00000020     DSP2802x_GlobalVariableDefs.obj (AdcResultFile)

CpuTimer0RegsFile 
*          1    00000c00    00000008     UNINITIALIZED
                  00000c00    00000008     DSP2802x_GlobalVariableDefs.obj (CpuTimer0RegsFile)

CpuTimer1RegsFile 
*          1    00000c08    00000008     UNINITIALIZED
                  00000c08    00000008     DSP2802x_GlobalVariableDefs.obj (CpuTimer1RegsFile)

CpuTimer2RegsFile 
*          1    00000c10    00000008     UNINITIALIZED
                  00000c10    00000008     DSP2802x_GlobalVariableDefs.obj (CpuTimer2RegsFile)

PieCtrlRegsFile 
*          1    00000ce0    0000001a     UNINITIALIZED
                  00000ce0    0000001a     DSP2802x_GlobalVariableDefs.obj (PieCtrlRegsFile)

PieVectTableFile 
*          1    00000d00    00000100     UNINITIALIZED
                  00000d00    00000100     DSP2802x_GlobalVariableDefs.obj (PieVectTableFile)

EmuKeyVar 
*          1    00000d00    00000001     UNINITIALIZED
                  00000d00    00000001     DSP2802x_GlobalVariableDefs.obj (EmuKeyVar)

EmuBModeVar 
*          1    00000d01    00000001     UNINITIALIZED
                  00000d01    00000001     DSP2802x_GlobalVariableDefs.obj (EmuBModeVar)

FlashCallbackVar 
*          1    00000d02    00000002     UNINITIALIZED
                  00000d02    00000002     DSP2802x_GlobalVariableDefs.obj (FlashCallbackVar)

FlashScalingVar 
*          1    00000d04    00000002     UNINITIALIZED
                  00000d04    00000002     DSP2802x_GlobalVariableDefs.obj (FlashScalingVar)

Comp1RegsFile 
*          1    00006400    00000011     UNINITIALIZED
                  00006400    00000011     DSP2802x_GlobalVariableDefs.obj (Comp1RegsFile)

Comp2RegsFile 
*          1    00006420    00000011     UNINITIALIZED
                  00006420    00000011     DSP2802x_GlobalVariableDefs.obj (Comp2RegsFile)

EPwm1RegsFile 
*          1    00006800    0000003a     UNINITIALIZED
                  00006800    0000003a     DSP2802x_GlobalVariableDefs.obj (EPwm1RegsFile)

EPwm2RegsFile 
*          1    00006840    0000003a     UNINITIALIZED
                  00006840    0000003a     DSP2802x_GlobalVariableDefs.obj (EPwm2RegsFile)

EPwm3RegsFile 
*          1    00006880    0000003a     UNINITIALIZED
                  00006880    0000003a     DSP2802x_GlobalVariableDefs.obj (EPwm3RegsFile)

EPwm4RegsFile 
*          1    000068c0    0000003a     UNINITIALIZED
                  000068c0    0000003a     DSP2802x_GlobalVariableDefs.obj (EPwm4RegsFile)

ECap1RegsFile 
*          1    00006a00    00000020     UNINITIALIZED
                  00006a00    00000020     DSP2802x_GlobalVariableDefs.obj (ECap1RegsFile)

GpioCtrlRegsFile 
*          1    00006f80    00000040     UNINITIALIZED
                  00006f80    00000040     DSP2802x_GlobalVariableDefs.obj (GpioCtrlRegsFile)

GpioDataRegsFile 
*          1    00006fc0    00000020     UNINITIALIZED
                  00006fc0    00000020     DSP2802x_GlobalVariableDefs.obj (GpioDataRegsFile)

GpioIntRegsFile 
*          1    00006fe0    0000000a     UNINITIALIZED
                  00006fe0    0000000a     DSP2802x_GlobalVariableDefs.obj (GpioIntRegsFile)

SysCtrlRegsFile 
*          1    00007010    0000001f     UNINITIALIZED
                  00007010    0000001f     DSP2802x_GlobalVariableDefs.obj (SysCtrlRegsFile)

SpiaRegsFile 
*          1    00007040    00000010     UNINITIALIZED
                  00007040    00000010     DSP2802x_GlobalVariableDefs.obj (SpiaRegsFile)

SciaRegsFile 
*          1    00007050    00000010     UNINITIALIZED
                  00007050    00000010     DSP2802x_GlobalVariableDefs.obj (SciaRegsFile)

NmiIntruptRegsFile 
*          1    00007060    00000010     UNINITIALIZED
                  00007060    00000010     DSP2802x_GlobalVariableDefs.obj (NmiIntruptRegsFile)

XIntruptRegsFile 
*          1    00007070    00000010     UNINITIALIZED
                  00007070    00000010     DSP2802x_GlobalVariableDefs.obj (XIntruptRegsFile)

AdcRegsFile 
*          1    00007100    00000050     UNINITIALIZED
                  00007100    00000050     DSP2802x_GlobalVariableDefs.obj (AdcRegsFile)

I2caRegsFile 
*          1    00007900    00000022     UNINITIALIZED
                  00007900    00000022     DSP2802x_GlobalVariableDefs.obj (I2caRegsFile)

.ebss      1    00008800    00000080     UNINITIALIZED
                  00008800    0000003c     IBI_main.obj (.ebss)
                  0000883c    00000004     rts2800_ml.lib : _lock.obj (.ebss)
                  00008840    00000021     RingBuff.obj (.ebss)
                  00008861    00000001     --HOLE--
                  00008862    0000001a     easy2802x_sci_v7.3.obj (.ebss)
                  0000887c    00000004     rts2800_ml.lib : exit.obj (.ebss)

PartIdRegsFile 
*          1    003d7fff    00000001     UNINITIALIZED
                  003d7fff    00000001     DSP2802x_GlobalVariableDefs.obj (PartIdRegsFile)

CsmPwlFile 
*          1    003f7ff8    00000008     UNINITIALIZED
                  003f7ff8    00000008     DSP2802x_GlobalVariableDefs.obj (CsmPwlFile)


GLOBAL SYMBOLS: SORTED ALPHABETICALLY BY Name 

address    name
--------   ----
003f749a   .text
003f7a78   C$$EXIT
003f7a91   LL$$AND
003f7a41   LL$$CMP
003f7a99   LL$$OR
003f7aa1   LL$$XOR
003f7a53   ULL$$CMP
003f7749   _ADCINT1_ISR
003f774e   _ADCINT2_ISR
003f77b7   _ADCINT3_ISR
003f77bc   _ADCINT4_ISR
003f77c1   _ADCINT5_ISR
003f77c6   _ADCINT6_ISR
003f77cb   _ADCINT7_ISR
003f77d0   _ADCINT8_ISR
003f775d   _ADCINT9_ISR
00007100   _AdcRegs
00000b00   _AdcResult
003f78f8   _AddRing
0000882c   _Bus_Voltage_Q15
00006400   _Comp1Regs
00006420   _Comp2Regs
00000c00   _CpuTimer0Regs
00000c08   _CpuTimer1Regs
00000c10   _CpuTimer2Regs
003f7ff8   _CsmPwl
00000ae0   _CsmRegs
003f766d   _CsmUnlock
003f76f4   _DATALOG_ISR
00008496   _DSP28x_usDelay
00000880   _DevEmuRegs
003f75e8   _DisableDog
003f7794   _ECAP1_INT_ISR
00006a00   _ECap1Regs
003f77da   _EMPTY_ISR
003f76fe   _EMUINT_ISR
003f7780   _EPWM1_INT_ISR
003f776c   _EPWM1_TZINT_ISR
003f7785   _EPWM2_INT_ISR
003f7771   _EPWM2_TZINT_ISR
003f778a   _EPWM3_INT_ISR
003f7776   _EPWM3_TZINT_ISR
003f778f   _EPWM4_INT_ISR
003f777b   _EPWM4_TZINT_ISR
00006800   _EPwm1Regs
00006840   _EPwm2Regs
00006880   _EPwm3Regs
000068c0   _EPwm4Regs
00000d01   _EmuBMode
00000d00   _EmuKey
003f7a13   _EnableInterrupts
003f76d4   _ExtOscSel
003f7924   _ExtractRing
00000a80   _FlashRegs
00000d04   _Flash_CPUScaleFactor
00000d02   _Flash_CallbackPtr
003f7951   _GetSizeRing
00006f80   _GpioCtrlRegs
00006fc0   _GpioDataRegs
00006fe0   _GpioIntRegs
003f77a3   _I2CINT1A_ISR
003f77a8   _I2CINT2A_ISR
00007900   _I2caRegs
003f7708   _ILLEGAL_ISR
003f76ea   _INT13_ISR
003f76ef   _INT14_ISR
00008804   _I_OFFSET
00008805   _I_SCALE
003f785c   _InitAdc
003f749a   _InitEPwm1
003f7578   _InitEPwm1Gpio
003f74d0   _InitEPwm2
003f758a   _InitEPwm2Gpio
003f7508   _InitEPwm3
003f759c   _InitEPwm3Gpio
003f7540   _InitEPwm4
003f75b0   _InitEPwm4Gpio
0000847b   _InitFlash
003f763b   _InitPeripheralClocks
003f79f4   _InitPieCtrl
003f7a1c   _InitPieVectTable
003f75f0   _InitPll
003f75c4   _InitSysCtrl
00008830   _Input_Current_Q15
00008824   _Input_Power_Q15
0000882e   _Input_Voltage_Q15
003f769e   _IntOsc1Sel
003f76ae   _IntOsc2Sel
003f795d   _IsRingEmpty
00008822   _MPPT_Step_Size_Q15
0000882a   _Max_Operating_Voltage_Q15
003f7aa9   _MemCopy
00008828   _Min_Operating_Voltage_Q15
00008832   _Min_Startup_Voltage_Q15
003f7703   _NMI_ISR
00007060   _NmiIntruptRegs
0000880e   _Output_Over_Voltage
003f77df   _PIE_RESERVED
003d7fff   _PartIdRegs
00000ce0   _PieCtrlRegs
00000d00   _PieVectTable
003f7ad0   _PieVectTableInit
00008808   _Power_Good
00008826   _Previous_Power_Q15
003f76f9   _RTOSINT_ISR
003f749a   _RamfuncsLoadEnd
003f7000   _RamfuncsLoadStart
00008000   _RamfuncsRunStart
003f7937   _ReadRing
003f78e1   _ResetRing
003f77ad   _SCIRXINTA_ISR
003f77b2   _SCITXINTA_ISR
003f7799   _SPIRXINTA_ISR
003f779e   _SPITXINTA_ISR
00007050   _SciaRegs
003f75de   _ServiceDog
003f7879   _SetupAdc
00007040   _SpiaRegs
00007010   _SysCtrlRegs
00000985   _SysPwrCtrlRegs
003f7762   _TINT0_ISR
003f773a   _USER10_ISR
003f773f   _USER11_ISR
003f7744   _USER12_ISR
003f770d   _USER1_ISR
003f7712   _USER2_ISR
003f7717   _USER3_ISR
003f771c   _USER4_ISR
003f7721   _USER5_ISR
003f7726   _USER6_ISR
003f772b   _USER7_ISR
003f7730   _USER8_ISR
003f7735   _USER9_ISR
00008811   _VBUS_SCALE
00008807   _VIN_OFFSET
00008813   _VIN_SCALE
00008818   _Vin_err_Q15
00008814   _Vin_reference_Q15
003f7767   _WAKEINT_ISR
003f7753   _XINT1_ISR
003f7758   _XINT2_ISR
003f77d5   _XINT3_ISR
00007070   _XIntruptRegs
003f76c0   _XtalOscSel
00000350   __STACK_END
00000300   __STACK_SIZE
00000001   __TI_args_main
ffffffff   ___binit__
ffffffff   ___c_args__
003f7bd0   ___cinit__
003f7acf   ___etext__
ffffffff   ___pinit__
003f749a   ___text__
003f7a5f   __args_main
0000887c   __cleanup_ptr
0000887e   __dtors_ptr
0000883e   __lock
003f7ac6   __nop
003f7ac2   __register_lock
003f7abe   __register_unlock
00000050   __stack
0000883c   __unlock
003f7a78   _abort
003f79b0   _c_int00
0000881e   _control_gain
00008810   _duty
0000881a   _duty_output
003f7965   _easyDSP_SCI_Init
00008000   _easy_RXINT_ISR
00008323   _easy_TXINT_ISR
0000881c   _err_delay1
00008820   _err_delay2
003f7a7a   _exit
0000886e   _ezDSP_DSP
0000886f   _ezDSP_SW_Reset
00008870   _ezDSP_Version_SCI
00008876   _ezDSP_fFloat
00008840   _ezDSP_nEndPos
00008841   _ezDSP_nMaxBuffSize
00008842   _ezDSP_nStartPos
00008843   _ezDSP_ringBuffer
00008867   _ezDSP_uAddrRdCnt
00008865   _ezDSP_uBRKDTCount
00008869   _ezDSP_uChksum
0000886b   _ezDSP_uData
00008868   _ezDSP_uDataRdCnt
0000886c   _ezDSP_uFECount
00008866   _ezDSP_uOECount
00008864   _ezDSP_uPECount
0000886d   _ezDSP_uRead16BPossible
0000886a   _ezDSP_uState
00008863   _ezDSP_uWrongISRCount
00008862   _ezDSP_ucRx
00008874   _ezDSP_ulAddr
00008872   _ezDSP_ulData
00008878   _ezDSP_ullData
0000880c   _falling_edge_delay
0000880b   _first_run
003f78aa   _initVariables
003f789c   _initialize_mppt_timer
00008802   _input_current_prescale
00008806   _input_voltage_prescale
003f77e9   _main
00008351   _mppt_int
003f783f   _ms_delay
00008816   _out_delay1
0000880a   _overlap
0000880f   _period
000083d4   _pwm_int
003f7829   _pwm_setup
00008809   _rising_edge_delay
003f77e4   _rsvd_ISR
00008800   _startup_flag
00008803   _step_dir
00008801   _step_direction
00008838   _v_comp_out
00008834   _v_temporary
0000880d   _x
00008812   _y
ffffffff   binit
003f7bd0   cinit
003f7ff6   code_start
003f7acf   etext
ffffffff   pinit


GLOBAL SYMBOLS: SORTED BY Symbol Address 

address    name
--------   ----
00000001   __TI_args_main
00000050   __stack
00000300   __STACK_SIZE
00000350   __STACK_END
00000880   _DevEmuRegs
00000985   _SysPwrCtrlRegs
00000a80   _FlashRegs
00000ae0   _CsmRegs
00000b00   _AdcResult
00000c00   _CpuTimer0Regs
00000c08   _CpuTimer1Regs
00000c10   _CpuTimer2Regs
00000ce0   _PieCtrlRegs
00000d00   _EmuKey
00000d00   _PieVectTable
00000d01   _EmuBMode
00000d02   _Flash_CallbackPtr
00000d04   _Flash_CPUScaleFactor
00006400   _Comp1Regs
00006420   _Comp2Regs
00006800   _EPwm1Regs
00006840   _EPwm2Regs
00006880   _EPwm3Regs
000068c0   _EPwm4Regs
00006a00   _ECap1Regs
00006f80   _GpioCtrlRegs
00006fc0   _GpioDataRegs
00006fe0   _GpioIntRegs
00007010   _SysCtrlRegs
00007040   _SpiaRegs
00007050   _SciaRegs
00007060   _NmiIntruptRegs
00007070   _XIntruptRegs
00007100   _AdcRegs
00007900   _I2caRegs
00008000   _RamfuncsRunStart
00008000   _easy_RXINT_ISR
00008323   _easy_TXINT_ISR
00008351   _mppt_int
000083d4   _pwm_int
0000847b   _InitFlash
00008496   _DSP28x_usDelay
00008800   _startup_flag
00008801   _step_direction
00008802   _input_current_prescale
00008803   _step_dir
00008804   _I_OFFSET
00008805   _I_SCALE
00008806   _input_voltage_prescale
00008807   _VIN_OFFSET
00008808   _Power_Good
00008809   _rising_edge_delay
0000880a   _overlap
0000880b   _first_run
0000880c   _falling_edge_delay
0000880d   _x
0000880e   _Output_Over_Voltage
0000880f   _period
00008810   _duty
00008811   _VBUS_SCALE
00008812   _y
00008813   _VIN_SCALE
00008814   _Vin_reference_Q15
00008816   _out_delay1
00008818   _Vin_err_Q15
0000881a   _duty_output
0000881c   _err_delay1
0000881e   _control_gain
00008820   _err_delay2
00008822   _MPPT_Step_Size_Q15
00008824   _Input_Power_Q15
00008826   _Previous_Power_Q15
00008828   _Min_Operating_Voltage_Q15
0000882a   _Max_Operating_Voltage_Q15
0000882c   _Bus_Voltage_Q15
0000882e   _Input_Voltage_Q15
00008830   _Input_Current_Q15
00008832   _Min_Startup_Voltage_Q15
00008834   _v_temporary
00008838   _v_comp_out
0000883c   __unlock
0000883e   __lock
00008840   _ezDSP_nEndPos
00008841   _ezDSP_nMaxBuffSize
00008842   _ezDSP_nStartPos
00008843   _ezDSP_ringBuffer
00008862   _ezDSP_ucRx
00008863   _ezDSP_uWrongISRCount
00008864   _ezDSP_uPECount
00008865   _ezDSP_uBRKDTCount
00008866   _ezDSP_uOECount
00008867   _ezDSP_uAddrRdCnt
00008868   _ezDSP_uDataRdCnt
00008869   _ezDSP_uChksum
0000886a   _ezDSP_uState
0000886b   _ezDSP_uData
0000886c   _ezDSP_uFECount
0000886d   _ezDSP_uRead16BPossible
0000886e   _ezDSP_DSP
0000886f   _ezDSP_SW_Reset
00008870   _ezDSP_Version_SCI
00008872   _ezDSP_ulData
00008874   _ezDSP_ulAddr
00008876   _ezDSP_fFloat
00008878   _ezDSP_ullData
0000887c   __cleanup_ptr
0000887e   __dtors_ptr
003d7fff   _PartIdRegs
003f7000   _RamfuncsLoadStart
003f749a   .text
003f749a   _InitEPwm1
003f749a   _RamfuncsLoadEnd
003f749a   ___text__
003f74d0   _InitEPwm2
003f7508   _InitEPwm3
003f7540   _InitEPwm4
003f7578   _InitEPwm1Gpio
003f758a   _InitEPwm2Gpio
003f759c   _InitEPwm3Gpio
003f75b0   _InitEPwm4Gpio
003f75c4   _InitSysCtrl
003f75de   _ServiceDog
003f75e8   _DisableDog
003f75f0   _InitPll
003f763b   _InitPeripheralClocks
003f766d   _CsmUnlock
003f769e   _IntOsc1Sel
003f76ae   _IntOsc2Sel
003f76c0   _XtalOscSel
003f76d4   _ExtOscSel
003f76ea   _INT13_ISR
003f76ef   _INT14_ISR
003f76f4   _DATALOG_ISR
003f76f9   _RTOSINT_ISR
003f76fe   _EMUINT_ISR
003f7703   _NMI_ISR
003f7708   _ILLEGAL_ISR
003f770d   _USER1_ISR
003f7712   _USER2_ISR
003f7717   _USER3_ISR
003f771c   _USER4_ISR
003f7721   _USER5_ISR
003f7726   _USER6_ISR
003f772b   _USER7_ISR
003f7730   _USER8_ISR
003f7735   _USER9_ISR
003f773a   _USER10_ISR
003f773f   _USER11_ISR
003f7744   _USER12_ISR
003f7749   _ADCINT1_ISR
003f774e   _ADCINT2_ISR
003f7753   _XINT1_ISR
003f7758   _XINT2_ISR
003f775d   _ADCINT9_ISR
003f7762   _TINT0_ISR
003f7767   _WAKEINT_ISR
003f776c   _EPWM1_TZINT_ISR
003f7771   _EPWM2_TZINT_ISR
003f7776   _EPWM3_TZINT_ISR
003f777b   _EPWM4_TZINT_ISR
003f7780   _EPWM1_INT_ISR
003f7785   _EPWM2_INT_ISR
003f778a   _EPWM3_INT_ISR
003f778f   _EPWM4_INT_ISR
003f7794   _ECAP1_INT_ISR
003f7799   _SPIRXINTA_ISR
003f779e   _SPITXINTA_ISR
003f77a3   _I2CINT1A_ISR
003f77a8   _I2CINT2A_ISR
003f77ad   _SCIRXINTA_ISR
003f77b2   _SCITXINTA_ISR
003f77b7   _ADCINT3_ISR
003f77bc   _ADCINT4_ISR
003f77c1   _ADCINT5_ISR
003f77c6   _ADCINT6_ISR
003f77cb   _ADCINT7_ISR
003f77d0   _ADCINT8_ISR
003f77d5   _XINT3_ISR
003f77da   _EMPTY_ISR
003f77df   _PIE_RESERVED
003f77e4   _rsvd_ISR
003f77e9   _main
003f7829   _pwm_setup
003f783f   _ms_delay
003f785c   _InitAdc
003f7879   _SetupAdc
003f789c   _initialize_mppt_timer
003f78aa   _initVariables
003f78e1   _ResetRing
003f78f8   _AddRing
003f7924   _ExtractRing
003f7937   _ReadRing
003f7951   _GetSizeRing
003f795d   _IsRingEmpty
003f7965   _easyDSP_SCI_Init
003f79b0   _c_int00
003f79f4   _InitPieCtrl
003f7a13   _EnableInterrupts
003f7a1c   _InitPieVectTable
003f7a41   LL$$CMP
003f7a53   ULL$$CMP
003f7a5f   __args_main
003f7a78   C$$EXIT
003f7a78   _abort
003f7a7a   _exit
003f7a91   LL$$AND
003f7a99   LL$$OR
003f7aa1   LL$$XOR
003f7aa9   _MemCopy
003f7abe   __register_unlock
003f7ac2   __register_lock
003f7ac6   __nop
003f7acf   ___etext__
003f7acf   etext
003f7ad0   _PieVectTableInit
003f7bd0   ___cinit__
003f7bd0   cinit
003f7ff6   code_start
003f7ff8   _CsmPwl
ffffffff   ___binit__
ffffffff   ___c_args__
ffffffff   ___pinit__
ffffffff   binit
ffffffff   pinit

[224 symbols]
